> Task :app:checkKotlinGradlePluginConfigurationErrors SKIPPED
> Task :app:preBuild UP-TO-DATE
> Task :app:preDebugBuild UP-TO-DATE
> Task :app:dataBindingMergeDependencyArtifactsDebug UP-TO-DATE
> Task :app:generateDebugResValues UP-TO-DATE
> Task :app:generateDebugResources UP-TO-DATE
> Task :app:mergeDebugResources UP-TO-DATE
> Task :app:packageDebugResources UP-TO-DATE
> Task :app:processDebugNavigationResources UP-TO-DATE
> Task :app:parseDebugLocalResources UP-TO-DATE
> Task :app:dataBindingGenBaseClassesDebug UP-TO-DATE
> Task :app:checkDebugAarMetadata UP-TO-DATE
> Task :app:compileDebugNavigationResources UP-TO-DATE
> Task :app:mapDebugSourceSetPaths UP-TO-DATE
> Task :app:createDebugCompatibleScreenManifests UP-TO-DATE
> Task :app:extractDeepLinksDebug UP-TO-DATE
> Task :app:processDebugMainManifest UP-TO-DATE
> Task :app:processDebugManifest UP-TO-DATE
> Task :app:processDebugManifestForPackage UP-TO-DATE
> Task :app:processDebugResources UP-TO-DATE
> Task :app:compileDebugKotlin NO-SOURCE
> Task :app:javaPreCompileDebug UP-TO-DATE

> Task :app:compileDebugJavaWithJavac
.\gradlew.bat : C:\Users\User\AndroidStudioProjects\ChoiceHotspot\app\src\main
\java\com\muhwezi\choicehotspot\ui\analytics\AnalyticsFragment.java:16: 
error: package com.github.mikephil.charting.charts does not exist
At line:1 char:1
+ .\gradlew.bat :app:compileDebugJavaWithJavac > build_error.log 2>&1
+ ~~~~~~~~~~~~~~~~~~~~~~~~~~~~~~~~~~~~~~~~~~~~~~~~~~~~~~~~~~~~~~~~~~~
    + CategoryInfo          : NotSpecified: (C:\Users\User\A... does not exis 
   t:String) [], RemoteException
    + FullyQualifiedErrorId : NativeCommandError
 
import com.github.mikephil.charting.charts.LineChart;
                                          ^
C:\Users\User\AndroidStudioProjects\ChoiceHotspot\app\src\main\java\com\muhwez
i\choicehotspot\ui\analytics\AnalyticsFragment.java:17: error: package 
com.github.mikephil.charting.components does not exist
import com.github.mikephil.charting.components.XAxis;
                                              ^
C:\Users\User\AndroidStudioProjects\ChoiceHotspot\app\src\main\java\com\muhwez
i\choicehotspot\ui\analytics\AnalyticsFragment.java:18: error: package 
com.github.mikephil.charting.data does not exist
import com.github.mikephil.charting.data.Entry;
                                        ^
C:\Users\User\AndroidStudioProjects\ChoiceHotspot\app\src\main\java\com\muhwez
i\choicehotspot\ui\analytics\AnalyticsFragment.java:19: error: package 
com.github.mikephil.charting.data does not exist
import com.github.mikephil.charting.data.LineData;
                                        ^
C:\Users\User\AndroidStudioProjects\ChoiceHotspot\app\src\main\java\com\muhwez
i\choicehotspot\ui\analytics\AnalyticsFragment.java:20: error: package 
com.github.mikephil.charting.data does not exist
import com.github.mikephil.charting.data.LineDataSet;
                                        ^
C:\Users\User\AndroidStudioProjects\ChoiceHotspot\app\src\main\java\com\muhwez
i\choicehotspot\ui\analytics\AnalyticsFragment.java:21: error: package 
com.github.mikephil.charting.formatter does not exist
import com.github.mikephil.charting.formatter.ValueFormatter;
                                             ^
C:\Users\User\AndroidStudioProjects\ChoiceHotspot\app\src\main\java\com\muhwez
i\choicehotspot\ui\analytics\AnalyticsFragment.java:40: error: cannot find 
symbol
    private LineChart revenueChart, userGrowthChart;
            ^
  symbol:   class LineChart
  location: class AnalyticsFragment
C:\Users\User\AndroidStudioProjects\ChoiceHotspot\app\src\main\java\com\muhwez
i\choicehotspot\ui\analytics\AnalyticsFragment.java:121: error: cannot find 
symbol
    private void setupChart(LineChart chart) {
                            ^
  symbol:   class LineChart
  location: class AnalyticsFragment
C:\Users\User\AndroidStudioProjects\ChoiceHotspot\app\build\generated\data_bin
ding_base_class_source_out\debug\out\com\muhwezi\choicehotspot\databinding\Fra
gmentAnalyticsBinding.java:14: error: package 
com.github.mikephil.charting.charts does not exist
import com.github.mikephil.charting.charts.LineChart;
                                          ^
C:\Users\User\AndroidStudioProjects\ChoiceHotspot\app\build\generated\data_bin
ding_base_class_source_out\debug\out\com\muhwezi\choicehotspot\databinding\Fra
gmentAnalyticsBinding.java:25: error: cannot find symbol
  public final LineChart revenueChart;
               ^
  symbol:   class LineChart
  location: class FragmentAnalyticsBinding
C:\Users\User\AndroidStudioProjects\ChoiceHotspot\app\build\generated\data_bin
ding_base_class_source_out\debug\out\com\muhwezi\choicehotspot\databinding\Fra
gmentAnalyticsBinding.java:49: error: cannot find symbol
  public final LineChart userGrowthChart;
               ^
  symbol:   class LineChart
  location: class FragmentAnalyticsBinding
C:\Users\User\AndroidStudioProjects\ChoiceHotspot\app\build\generated\data_bin
ding_base_class_source_out\debug\out\com\muhwezi\choicehotspot\databinding\Fra
gmentAnalyticsBinding.java:52: error: cannot find symbol
      @NonNull LineChart revenueChart, @NonNull RecyclerView rvTopProfiles,
               ^
  symbol:   class LineChart
  location: class FragmentAnalyticsBinding
C:\Users\User\AndroidStudioProjects\ChoiceHotspot\app\build\generated\data_bin
ding_base_class_source_out\debug\out\com\muhwezi\choicehotspot\databinding\Fra
gmentAnalyticsBinding.java:56: error: cannot find symbol
      @NonNull LineChart userGrowthChart) {
               ^
  symbol:   class LineChart
  location: class FragmentAnalyticsBinding
13 errors

> Task :app:compileDebugJavaWithJavac FAILED

[Incubating] Problems report is available at: file:///C:/Users/User/AndroidStudioProjects/ChoiceHotspot/build/reports/problems/problems-report.html

FAILURE: Build failed with an exception.

* What went wrong:
Execution failed for task ':app:compileDebugJavaWithJavac'.
> Compilation failed; see the compiler output below.
  C:\Users\User\AndroidStudioProjects\ChoiceHotspot\app\src\main\java\com\muhw
ezi\choicehotspot\ui\analytics\AnalyticsFragment.java:16: error: package 
com.github.mikephil.charting.charts does not exist
  import com.github.mikephil.charting.charts.LineChart;
                                            ^
  C:\Users\User\AndroidStudioProjects\ChoiceHotspot\app\src\main\java\com\muhw
ezi\choicehotspot\ui\analytics\AnalyticsFragment.java:17: error: package 
com.github.mikephil.charting.components does not exist
  import com.github.mikephil.charting.components.XAxis;
                                                ^
  C:\Users\User\AndroidStudioProjects\ChoiceHotspot\app\src\main\java\com\muhw
ezi\choicehotspot\ui\analytics\AnalyticsFragment.java:18: error: package 
com.github.mikephil.charting.data does not exist
  import com.github.mikephil.charting.data.Entry;
                                          ^
  C:\Users\User\AndroidStudioProjects\ChoiceHotspot\app\src\main\java\com\muhw
ezi\choicehotspot\ui\analytics\AnalyticsFragment.java:19: error: package 
com.github.mikephil.charting.data does not exist
  import com.github.mikephil.charting.data.LineData;
                                          ^
  C:\Users\User\AndroidStudioProjects\ChoiceHotspot\app\src\main\java\com\muhw
ezi\choicehotspot\ui\analytics\AnalyticsFragment.java:20: error: package 
com.github.mikephil.charting.data does not exist
  import com.github.mikephil.charting.data.LineDataSet;
                                          ^
  C:\Users\User\AndroidStudioProjects\ChoiceHotspot\app\src\main\java\com\muhw
ezi\choicehotspot\ui\analytics\AnalyticsFragment.java:21: error: package 
com.github.mikephil.charting.formatter does not exist
  import com.github.mikephil.charting.formatter.ValueFormatter;
                                               ^
  C:\Users\User\AndroidStudioProjects\ChoiceHotspot\app\src\main\java\com\muhw
ezi\choicehotspot\ui\analytics\AnalyticsFragment.java:40: error: cannot find 
symbol
      private LineChart revenueChart, userGrowthChart;
              ^
    symbol:   class LineChart
    location: class AnalyticsFragment
  C:\Users\User\AndroidStudioProjects\ChoiceHotspot\app\src\main\java\com\muhw
ezi\choicehotspot\ui\analytics\AnalyticsFragment.java:121: error: cannot find 
symbol
      private void setupChart(LineChart chart) {
                              ^
    symbol:   class LineChart
    location: class AnalyticsFragment
  C:\Users\User\AndroidStudioProjects\ChoiceHotspot\app\build\generated\data_b
inding_base_class_source_out\debug\out\com\muhwezi\choicehotspot\databinding\F
ragmentAnalyticsBinding.java:14: error: package 
com.github.mikephil.charting.charts does not exist
  import com.github.mikephil.charting.charts.LineChart;
                                            ^
  C:\Users\User\AndroidStudioProjects\ChoiceHotspot\app\build\generated\data_b
inding_base_class_source_out\debug\out\com\muhwezi\choicehotspot\databinding\F
ragmentAnalyticsBinding.java:25: error: cannot find symbol
    public final LineChart revenueChart;
                 ^
    symbol:   class LineChart
    location: class FragmentAnalyticsBinding
  C:\Users\User\AndroidStudioProjects\ChoiceHotspot\app\build\generated\data_b
inding_base_class_source_out\debug\out\com\muhwezi\choicehotspot\databinding\F
ragmentAnalyticsBinding.java:49: error: cannot find symbol
    public final LineChart userGrowthChart;
                 ^
    symbol:   class LineChart
    location: class FragmentAnalyticsBinding
  C:\Users\User\AndroidStudioProjects\ChoiceHotspot\app\build\generated\data_b
inding_base_class_source_out\debug\out\com\muhwezi\choicehotspot\databinding\F
ragmentAnalyticsBinding.java:52: error: cannot find symbol
        @NonNull LineChart revenueChart, @NonNull RecyclerView rvTopProfiles,
                 ^
    symbol:   class LineChart
    location: class FragmentAnalyticsBinding
  C:\Users\User\AndroidStudioProjects\ChoiceHotspot\app\build\generated\data_b
inding_base_class_source_out\debug\out\com\muhwezi\choicehotspot\databinding\F
ragmentAnalyticsBinding.java:56: error: cannot find symbol
        @NonNull LineChart userGrowthChart) {
                 ^
    symbol:   class LineChart
    location: class FragmentAnalyticsBinding
  13 errors

* Try:
> Check your code and dependencies to fix the compilation error(s)
> Run with --scan to get full insights.

BUILD FAILED in 8s
19 actionable tasks: 1 executed, 18 up-to-date
